src/components/features/home/CategoryGrid.tsx(34,26): error TS2554: Expected 1 arguments, but got 0.
